50
1 2
3 2
4 5
6 5
7 8
9 8
10 11
12 11
13 14
15 14
16 17
18 17
19 20
21 20
22 23
24 23
25 26
27 26
28 29
30 29
31 32
33 32
34 35
36 35
37 38
39 38
40 41
42 41
43 44
45 44
46 47
48 47
49 50
51 50
52 53
54 53
55 56
57 56
58 59
60 59
61 62
63 62
64 65
66 65
67 68
69 68
70 71
72 71
73 74
75 74
